
[1m[46m RUN [49m[22m [36mv4.0.14 [39m[90mC:/Users/Carlos/Desktop/FULLSTACK2MICROSERVICIOS/ZapateriaReact[39m

 [32mÔ£ô[39m src/services/__tests__/contactService.test.ts [2m([22m[2m1 test[22m[2m)[22m[32m 5[2mms[22m[39m
 [32mÔ£ô[39m src/services/__tests__/ventasService.test.ts [2m([22m[2m3 tests[22m[2m)[22m[32m 7[2mms[22m[39m
 [32mÔ£ô[39m src/services/__tests__/geografiaService.test.ts [2m([22m[2m6 tests[22m[2m)[22m[32m 11[2mms[22m[39m
 [32mÔ£ô[39m src/services/__tests__/entregasService.test.ts [2m([22m[2m2 tests[22m[2m)[22m[32m 6[2mms[22m[39m
 [32mÔ£ô[39m src/services/__tests__/inventarioService.test.ts [2m([22m[2m13 tests[22m[2m)[22m[32m 17[2mms[22m[39m
stderr | src/services/__tests__/authService.test.ts > authService > login > should throw error on invalid credentials
Error en login: { response: { status: 401 } }

 [32mÔ£ô[39m src/services/__tests__/authService.test.ts [2m([22m[2m3 tests[22m[2m)[22m[32m 8[2mms[22m[39m

[2m Test Files [22m [1m[32m6 passed[39m[22m[90m (6)[39m
[2m      Tests [22m [1m[32m28 passed[39m[22m[90m (28)[39m
[2m   Start at [22m 01:31:18
[2m   Duration [22m 1.34s[2m (transform 419ms, setup 789ms, import 636ms, tests 53ms, environment 4.84s)[22m

